
> @solana-arb-bot/jupiter-bot@1.0.0 build E:\6666666666666666666666666666\dex-cex\dex-sol\packages\jupiter-bot
> tsc

src/flashloan-bot.ts(413,54): error TS2339: Property 'flashLoanFee' does not exist on type '{ valid: boolean; fee: number; netProfit: number; reason?: string | undefined; }'.
src/flashloan-bot.ts(473,9): error TS2353: Object literal may only specify known properties, and 'loss' does not exist in type 'TransactionResult'.
src/flashloan-bot.ts(473,47): error TS2339: Property 'flashLoanFee' does not exist on type '{ valid: boolean; fee: number; netProfit: number; reason?: string | undefined; }'.
src/flashloan-bot.ts(479,53): error TS2339: Property 'flashLoanFee' does not exist on type '{ valid: boolean; fee: number; netProfit: number; reason?: string | undefined; }'.
src/flashloan-bot.ts(491,36): error TS2532: Object is possibly 'undefined'.
src/flashloan-bot.ts(501,38): error TS2339: Property 'flashLoanFee' does not exist on type '{ valid: boolean; fee: number; netProfit: number; reason?: string | undefined; }'.
src/flashloan-bot.ts(506,63): error TS2339: Property 'flashLoanFee' does not exist on type '{ valid: boolean; fee: number; netProfit: number; reason?: string | undefined; }'.
src/flashloan-bot.ts(515,47): error TS2339: Property 'flashLoanFee' does not exist on type '{ valid: boolean; fee: number; netProfit: number; reason?: string | undefined; }'.
src/flashloan-bot.ts(542,9): error TS2353: Object literal may only specify known properties, and 'loss' does not exist in type 'TransactionResult'.
src/flashloan-bot.ts(542,26): error TS2339: Property 'flashLoanFee' does not exist on type '{ valid: boolean; fee: number; netProfit: number; reason?: string | undefined; }'.
src/flashloan-bot.ts(554,48): error TS2551: Property 'reasons' does not exist on type 'CircuitBreakerCheckResult'. Did you mean 'reason'?
E:\6666666666666666666666666666\dex-cex\dex-sol\packages\jupiter-bot:
鈥塃RR_PNPM_RECURSIVE_RUN_FIRST_FAIL鈥?@solana-arb-bot/jupiter-bot@1.0.0 build: `tsc`
Exit status 2
